// Jest Snapshot v1, https://goo.gl/fbAQLP

exports[`button renders as expected 1`] = `
<div>
  <button
    class="button__StyledButton-sc-lhg3uz-0 htEsLP"
  >
    Test
  </button>
</div>
`;
